// Jest Snapshot v1, https://goo.gl/fbAQLP

exports[`MenuMobile matches the snapshot 1`] = `<div />`;
