// Jest Snapshot v1, https://goo.gl/fbAQLP

exports[`LoggedInContent matches the snapshot 1`] = `
<div>
  <div
    style="display: flex; flex: 2; width: 250px; justify-content: space-between; align-items: center;"
  >
    <p
      class="MuiTypography-root MuiTypography-body1 css-2byhhs-MuiTypography-root"
    >
      Ol√°, User
    </p>
    <button
      class="MuiButtonBase-root MuiButton-root MuiButton-outlined MuiButton-outlinedPrimary MuiButton-sizeMedium MuiButton-outlinedSizeMedium MuiButton-root MuiButton-outlined MuiButton-outlinedPrimary MuiButton-sizeMedium MuiButton-outlinedSizeMedium css-1rwt2y5-MuiButtonBase-root-MuiButton-root"
      tabindex="0"
      type="button"
    >
      Sair
      <span
        class="MuiTouchRipple-root css-8je8zh-MuiTouchRipple-root"
      />
    </button>
  </div>
</div>
`;
